/usr/local/lib/python3.12/site-packages/pydantic_graph/_utils.py:67: DeprecationWarning: There is no current event loop
  event_loop = asyncio.get_event_loop()
======================================================================
ERROR: test_a_goal_is_a_seed_path_only_when_it_is_one_word_ending_in_md (test_builder.MainTest.test_a_goal_is_a_seed_path_only_when_it_is_one_word_ending_in_md)
seed: formal-input-output. A sentence that ends in a file's name, or a goal of several
----------------------------------------------------------------------
Traceback (most recent call last):
  File "/w/test_builder.py", line 936, in test_a_goal_is_a_seed_path_only_when_it_is_one_word_ending_in_md
    self.assertEqual(builder.read_seed(self.checkout, text), (text, None), text)
                     ^^^^^^^^^^^^^^^^^^^^^^^^^^^^^^^^^^^^^^
  File "/w/builder.py", line 697, in read_seed
    raise ValueError(f"no such seed in the checkout: {arg}")
ValueError: no such seed in the checkout: add the run's files to README.md

======================================================================
FAIL: test_the_goal_section_is_read_as_markdown (test_builder.MainTest.test_the_goal_section_is_read_as_markdown)
seed: formal-input-output. The section runs from its heading to the next heading of
----------------------------------------------------------------------
Traceback (most recent call last):
  File "/w/test_builder.py", line 1006, in test_the_goal_section_is_read_as_markdown
    self.assertEqual(
AssertionError: Tuples differ: ('seed: fenced\nnot the goal\n```', 'fenced') != ('seed: fenced\nWrite the note as:\n\n```md\n# Title\n\n#[37 chars]ced')

First differing element 0:
'seed: fenced\nnot the goal\n```'
'seed: fenced\nWrite the note as:\n\n```md\n# Title\n\n#[26 chars]top.'

- ('seed: fenced\nnot the goal\n```', 'fenced')
+ ('seed: fenced\n'
+  'Write the note as:\n'
+  '\n'
+  '```md\n'
+  '# Title\n'
+  '\n'
+  '## Changelog\n'
+  '```\n'
+  '\n'
+  'Then stop.',
+  'fenced')

======================================================================
FAIL: test_the_seed_is_read_from_the_checkouts_commit (test_builder.MainTest.test_the_seed_is_read_from_the_checkouts_commit)
seed: formal-input-output. The note's text is the commit's, git show HEAD:<path>, so the
----------------------------------------------------------------------
Traceback (most recent call last):
  File "/w/test_builder.py", line 959, in test_the_seed_is_read_from_the_checkouts_commit
    self.assertEqual(builder.read_seed(self.checkout, "docs/seeds/pinned.md"), ("seed: pinned\nThe committed goal.", "pinned"))
AssertionError: Tuples differ: ('seed: pinned\nThe edited goal.', 'pinned') != ('seed: pinned\nThe committed goal.', 'pinned')

First differing element 0:
'seed: pinned\nThe edited goal.'
'seed: pinned\nThe committed goal.'

- ('seed: pinned\nThe edited goal.', 'pinned')
?                     ^^

+ ('seed: pinned\nThe committed goal.', 'pinned')
?                     ^^^^ +


----------------------------------------------------------------------
Ran 112 tests in 11.626s

FAILED (failures=2, errors=1)
