/usr/local/lib/python3.12/site-packages/pydantic_graph/_utils.py:67: DeprecationWarning: There is no current event loop
  event_loop = asyncio.get_event_loop()
======================================================================
FAIL: test_a_commit_entry_that_is_not_a_file_is_no_seed (test_builder.MainTest.test_a_commit_entry_that_is_not_a_file_is_no_seed)
seed: formal-input-output. A symbolic link is refused whatever its target's name says,
----------------------------------------------------------------------
Traceback (most recent call last):
  File "/w/test_builder.py", line 1096, in test_a_commit_entry_that_is_not_a_file_is_no_seed
    with self.assertRaises(ValueError, msg=arg):
AssertionError: ValueError not raised : docs/link.md

======================================================================
FAIL: test_code_keeps_its_comment_marks_and_an_open_comment_is_refused (test_builder.MainTest.test_code_keeps_its_comment_marks_and_an_open_comment_is_refused)
seed: formal-input-output. %% inside a code span or a fenced block is the note's text,
----------------------------------------------------------------------
Traceback (most recent call last):
  File "/w/test_builder.py", line 1061, in test_code_keeps_its_comment_marks_and_an_open_comment_is_refused
    self.assertEqual(builder.read_seed(self.checkout, "docs/spans.md"), (f"seed: spans\n{body}", "spans"))
AssertionError: Tuples differ: ('seed: spans\nThe `` in code.\nSecond line.\n\n```\n\n```\n\[17 chars]ans') != ('seed: spans\nThe `%%` marks are comments; write `%%` in cod[71 chars]ans')

First differing element 0:
'seed: spans\nThe `` in code.\nSecond line.\n\n```\n\n```\n\nLast line.'
'seed: spans\nThe `%%` marks are comments; write `%%` in cod[61 chars]ine.'

- ('seed: spans\nThe `` in code.\nSecond line.\n\n```\n\n```\n\nLast line.',
+ ('seed: spans\n'
+  'The `%%` marks are comments; write `%%` in code.\n'
+  'Second line.\n'
+  '\n'
+  '```\n'
+  '%%\n'
+  'not a comment\n'
+  '%%\n'
+  '```\n'
+  '\n'
+  'Last line.',
   'spans')

======================================================================
FAIL: test_fences_close_like_markdown_and_indented_lines_are_not_headings (test_builder.MainTest.test_fences_close_like_markdown_and_indented_lines_are_not_headings)
seed: formal-input-output. A fence closes only with the same character and at least as
----------------------------------------------------------------------
Traceback (most recent call last):
  File "/w/test_builder.py", line 1084, in test_fences_close_like_markdown_and_indented_lines_are_not_headings
    self.assertEqual(builder.read_seed(self.checkout, "docs/fences.md"), (f"seed: fences\n{body}", "fences"))
AssertionError: Tuples differ: ('see[31 chars]\n```', 'fences') != ('see[31 chars]\n```\n## Changelog\n```\n````\n\n```\n~~~\n##[78 chars]ces')

First differing element 0:
'seed[30 chars]\n```'
'seed[30 chars]\n```\n## Changelog\n```\n````\n\n```\n~~~\n##[67 chars]End.'

- ('seed: fences\nShow both:\n\n````md\n```', 'fences')
+ ('seed: fences\n'
+  'Show both:\n'
+  '\n'
+  '````md\n'
+  '```\n'
+  '## Changelog\n'
+  '```\n'
+  '````\n'
+  '\n'
+  '```\n'
+  '~~~\n'
+  '## Not a heading\n'
+  '~~~\n'
+  '```\n'
+  '\n'
+  '    ## Changelog\n'
+  '    indented code\n'
+  '\n'
+  'End.',
+  'fences')

----------------------------------------------------------------------
Ran 117 tests in 11.982s

FAILED (failures=3)
