/usr/local/lib/python3.12/site-packages/pydantic_graph/_utils.py:67: DeprecationWarning: There is no current event loop
  event_loop = asyncio.get_event_loop()
======================================================================
ERROR: test_any_argument_is_a_usage_error (test_runs.RunsTest.test_any_argument_is_a_usage_error)
----------------------------------------------------------------------
Traceback (most recent call last):
  File "/w/test_runs.py", line 113, in test_any_argument_is_a_usage_error
    code, rows, err = table(self.base, "20260917T000000Z")
                      ^^^^^^^^^^^^^^^^^^^^^^^^^^^^^^^^^^^^
  File "/w/test_runs.py", line 56, in table
    code = runs.main(["runs.py", *args], runs=base)
           ^^^^^^^^^
AttributeError: module 'runs' has no attribute 'main'

======================================================================
ERROR: test_nothing_is_written_and_an_empty_directory_is_a_header_alone (test_runs.RunsTest.test_nothing_is_written_and_an_empty_directory_is_a_header_alone)
----------------------------------------------------------------------
Traceback (most recent call last):
  File "/w/test_runs.py", line 105, in test_nothing_is_written_and_an_empty_directory_is_a_header_alone
    table(self.base)
  File "/w/test_runs.py", line 56, in table
    code = runs.main(["runs.py", *args], runs=base)
           ^^^^^^^^^
AttributeError: module 'runs' has no attribute 'main'

======================================================================
ERROR: test_one_row_per_record_in_stamp_order_with_the_three_shapes (test_runs.RunsTest.test_one_row_per_record_in_stamp_order_with_the_three_shapes)
----------------------------------------------------------------------
Traceback (most recent call last):
  File "/w/test_runs.py", line 83, in test_one_row_per_record_in_stamp_order_with_the_three_shapes
    code, rows, _ = table(self.base)
                    ^^^^^^^^^^^^^^^^
  File "/w/test_runs.py", line 56, in table
    code = runs.main(["runs.py", *args], runs=base)
           ^^^^^^^^^
AttributeError: module 'runs' has no attribute 'main'

======================================================================
ERROR: test_the_header_names_the_columns_in_order (test_runs.RunsTest.test_the_header_names_the_columns_in_order)
----------------------------------------------------------------------
Traceback (most recent call last):
  File "/w/test_runs.py", line 76, in test_the_header_names_the_columns_in_order
    code, rows, err = table(self.base)
                      ^^^^^^^^^^^^^^^^
  File "/w/test_runs.py", line 56, in table
    code = runs.main(["runs.py", *args], runs=base)
           ^^^^^^^^^
AttributeError: module 'runs' has no attribute 'main'

----------------------------------------------------------------------
Ran 77 tests in 6.265s

FAILED (errors=4)
