/usr/local/lib/python3.12/site-packages/pydantic_graph/_utils.py:67: DeprecationWarning: There is no current event loop
  event_loop = asyncio.get_event_loop()
======================================================================
ERROR: test_a_number_that_is_not_finite_is_a_measure_the_run_lacks (test_evals.SpreadTest.test_a_number_that_is_not_finite_is_a_measure_the_run_lacks)
From the review: JSON accepts NaN and Infinity, and a record holding one aborted the
----------------------------------------------------------------------
Traceback (most recent call last):
  File "/w/test_evals.py", line 352, in test_a_number_that_is_not_finite_is_a_measure_the_run_lacks
    code, rows, err = run(self.root, "--runs", "3", "alpha")
                      ^^^^^^^^^^^^^^^^^^^^^^^^^^^^^^^^^^^^^^
  File "/w/test_evals.py", line 125, in run
    code = evals.main(["evals.py", *args], root=root, model=model, sandbox=sandbox)
           ^^^^^^^^^^^^^^^^^^^^^^^^^^^^^^^^^^^^^^^^^^^^^^^^^^^^^^^^^^^^^^^^^^^^^^^^
  File "/w/evals.py", line 349, in main
    lines.extend("\t".join(_row(name, records, _goal(directory, name)))
  File "/w/evals.py", line 349, in <genexpr>
    lines.extend("\t".join(_row(name, records, _goal(directory, name)))
                           ^^^^^^^^^^^^^^^^^^^^^^^^^^^^^^^^^^^^^^^^^^^
  File "/w/evals.py", line 191, in _row
    cells.append(_spread_text(values))
                 ^^^^^^^^^^^^^^^^^^^^
  File "/w/evals.py", line 113, in _spread_text
    return f"{_number_text(min(values))}-{_number_text(max(values))}"
              ^^^^^^^^^^^^^^^^^^^^^^^^^
  File "/w/evals.py", line 100, in _number_text
    return str(int(value)) if value == int(value) else str(round(value, 6))
                                       ^^^^^^^^^^
ValueError: cannot convert float NaN to integer

======================================================================
FAIL: test_the_module_docstring_names_the_spread (test_evals.SpreadTest.test_the_module_docstring_names_the_spread)
From the review: the docstring said medians alone while README and AGENTS.md said the spread.
----------------------------------------------------------------------
Traceback (most recent call last):
  File "/w/test_evals.py", line 363, in test_the_module_docstring_names_the_spread
    self.assertIn("`min-max`", evals.__doc__)
AssertionError: '`min-max`' not found in "The evaluation harness: run the builder over a set of cases and tabulate the runs.\n\n    uv run evals.py [--runs N] [case ...]\n\nA case is a directory `cases/<name>/` under the repository holding `goal.md`, exactly one\n`test_<name>.py`, and optionally `files/`. Each case runs N times (three unless `--runs N`), each\nrun in a throwaway git worktree of the repository at HEAD: the case's `files/` and test are\ncommitted there as `case: <name>` by `factory <factory@localhost>`, the builder runs on that\nworktree, and the worktree is removed and pruned whether the run succeeded or not. The records\nland in the repository's `runs/`, where the builder leaves them, so every run is one more record\nand the goal's first line names the case. Nothing here changes the repository the worktrees are\ncut from.\n\nWhen every run is done one tab-separated table is printed: a header, then one row per case in the\norder given, with the counts of green, honest and refused runs and the medians of the builder's\nnumbers. Exit 0 when every run ended with the `answer` answer, 1 when any run was capped or\nerrored, 2 on stderr for a usage error (a case that does not exist or is not whole, or a run\ncount that is not a positive integer).\n"

----------------------------------------------------------------------
Ran 126 tests in 12.798s

FAILED (failures=1, errors=1)
