/usr/local/lib/python3.12/site-packages/pydantic_graph/_utils.py:67: DeprecationWarning: There is no current event loop
  event_loop = asyncio.get_event_loop()
======================================================================
FAIL: test_a_case_name_is_one_path_segment_and_a_stray_directory_is_skipped (test_evals.RobustnessTest.test_a_case_name_is_one_path_segment_and_a_stray_directory_is_skipped)
----------------------------------------------------------------------
Traceback (most recent call last):
  File "/w/test_evals.py", line 470, in test_a_case_name_is_one_path_segment_and_a_stray_directory_is_skipped
    self.assertEqual([row[0] for row in rows[1:]], ["alpha"])
AssertionError: Lists differ: ['alpha', '', 'pass rate 1.000'] != ['alpha']

First list contains 2 additional elements.
First extra element 1:
''

- ['alpha', '', 'pass rate 1.000']
+ ['alpha']

======================================================================
FAIL: test_the_header_and_one_row_per_case_in_the_order_given (test_evals.TableTest.test_the_header_and_one_row_per_case_in_the_order_given)
----------------------------------------------------------------------
Traceback (most recent call last):
  File "/w/test_evals.py", line 253, in test_the_header_and_one_row_per_case_in_the_order_given
    self.assertEqual(code, 0, err)
AssertionError: 2 != 0 : usage: evals.py [--runs N] [case ...]
case beta has no pass.txt


----------------------------------------------------------------------
Ran 144 tests in 15.767s

FAILED (failures=2)
