/usr/local/lib/python3.12/site-packages/pydantic_graph/_utils.py:67: DeprecationWarning: There is no current event loop
  event_loop = asyncio.get_event_loop()
======================================================================
ERROR: test_evals (unittest.loader._FailedTest.test_evals)
----------------------------------------------------------------------
ImportError: Failed to import test module: test_evals
Traceback (most recent call last):
  File "/usr/local/lib/python3.12/unittest/loader.py", line 396, in _find_test_path
    module = self._get_module_from_name(name)
             ^^^^^^^^^^^^^^^^^^^^^^^^^^^^^^^^
  File "/usr/local/lib/python3.12/unittest/loader.py", line 339, in _get_module_from_name
    __import__(name)
  File "/w/test_evals.py", line 29, in <module>
    import evals
  File "/w/evals.py", line 45, in <module>
    import runs
  File "/w/runs.py", line 143
    in(lines))
             ^
SyntaxError: unmatched ')'


======================================================================
ERROR: test_runs (unittest.loader._FailedTest.test_runs)
----------------------------------------------------------------------
ImportError: Failed to import test module: test_runs
Traceback (most recent call last):
  File "/usr/local/lib/python3.12/unittest/loader.py", line 396, in _find_test_path
    module = self._get_module_from_name(name)
             ^^^^^^^^^^^^^^^^^^^^^^^^^^^^^^^^
  File "/usr/local/lib/python3.12/unittest/loader.py", line 339, in _get_module_from_name
    __import__(name)
  File "/w/test_runs.py", line 17, in <module>
    import runs
  File "/w/runs.py", line 143
    in(lines))
             ^
SyntaxError: unmatched ')'


----------------------------------------------------------------------
Ran 112 tests in 9.125s

FAILED (errors=2)
