/usr/local/lib/python3.12/site-packages/pydantic_graph/_utils.py:67: DeprecationWarning: There is no current event loop
  event_loop = asyncio.get_event_loop()
======================================================================
FAIL: test_a_cap_or_a_check_without_a_sandbox_is_a_wall_and_not_the_models_error (test_evals.ToolErrorsTest.test_a_cap_or_a_check_without_a_sandbox_is_a_wall_and_not_the_models_error)
From the review: the caps and a run without a sandbox answer `error:` too, and they
----------------------------------------------------------------------
Traceback (most recent call last):
  File "/w/test_evals.py", line 558, in test_a_cap_or_a_check_without_a_sandbox_is_a_wall_and_not_the_models_error
    self.assertEqual((cells["tool_errors"], cells["refused"]), ("1", "9"))
AssertionError: Tuples differ: ('4', '9') != ('1', '9')

First differing element 0:
'4'
'1'

- ('4', '9')
?   ^

+ ('1', '9')
?   ^


======================================================================
FAIL: test_the_count_per_record_refusals_apart_and_empty_without_messages (test_runs.ToolErrorsTest.test_the_count_per_record_refusals_apart_and_empty_without_messages)
----------------------------------------------------------------------
Traceback (most recent call last):
  File "/w/test_runs.py", line 203, in test_the_count_per_record_refusals_apart_and_empty_without_messages
    self.assertEqual(by_stamp, {"20260917T000001Z": "2", "20260917T000002Z": "0", "20260917T000003Z": "", "20260917T000004Z": ""})
AssertionError: {'20260917T000001Z': '5', '20260917T000002Z': '0', '20260917T00[30 chars]: ''} != {'20260917T000001Z': '2', '20260917T000002Z': '0', '20260917T00[30 chars]: ''}
- {'20260917T000001Z': '5',
?                       ^

+ {'20260917T000001Z': '2',
?                       ^

   '20260917T000002Z': '0',
   '20260917T000003Z': '',
   '20260917T000004Z': ''}

----------------------------------------------------------------------
Ran 145 tests in 16.467s

FAILED (failures=2)
