/usr/local/lib/python3.12/site-packages/pydantic_graph/_utils.py:67: DeprecationWarning: There is no current event loop
  event_loop = asyncio.get_event_loop()
======================================================================
FAIL: test_release_refuses_a_build_that_names_no_run_or_a_run_not_committed (test_gate.ReleaseTest.test_release_refuses_a_build_that_names_no_run_or_a_run_not_committed)
seed: built-by-trailer. A `Built-By` whose value does not end `run <stamp>`, the word `run`
----------------------------------------------------------------------
Traceback (most recent call last):
  File "/w/test_gate.py", line 760, in test_release_refuses_a_build_that_names_no_run_or_a_run_not_committed
    self.assert_refused_with("docs/versions/v0.2.md:", shaped, "names no run")  # the whole stamp has the shape
    ^^^^^^^^^^^^^^^^^^^^^^^^^^^^^^^^^^^^^^^^^^^^^^^^^^^^^^^^^^^^^^^^^^^^^^^^^^
  File "/w/test_gate.py", line 704, in assert_refused_with
    self.assertEqual(code, 1, out)
AssertionError: 0 != 1 : 

======================================================================
FAIL: test_the_builds_are_read_as_git_reads_trailers (test_gate.ReleaseTest.test_the_builds_are_read_as_git_reads_trailers)
seed: built-by-trailer. From the reviews: a `Built-By` line begins with the key in ASCII
----------------------------------------------------------------------
Traceback (most recent call last):
  File "/w/test_gate.py", line 889, in test_the_builds_are_read_as_git_reads_trailers
    out = self.assert_refused_with("docs/versions/v0.2.md:", nbsp, "names no run")  # not the builder's shape
          ^^^^^^^^^^^^^^^^^^^^^^^^^^^^^^^^^^^^^^^^^^^^^^^^^^^^^^^^^^^^^^^^^^^^^^^^
  File "/w/test_gate.py", line 706, in assert_refused_with
    self.assertTrue(any(line.startswith(start) and all(word in line for word in words) for line in lines), out)
AssertionError: False is not true : runs/20260917T000000Z : cb14f0c: `Built-By: factory at 1234567, run 20260917T000000Z ` names a run with no committed record


----------------------------------------------------------------------
Ran 167 tests in 23.253s

FAILED (failures=2)
