/usr/local/lib/python3.12/site-packages/pydantic_graph/_utils.py:67: DeprecationWarning: There is no current event loop
  event_loop = asyncio.get_event_loop()
======================================================================
ERROR: test_a_run_may_leave_files_named_like_an_option_or_a_revision (test_builder.MainTest.test_a_run_may_leave_files_named_like_an_option_or_a_revision)
seed: terms-checkout-and-tools. A file the run names -x.txt or HEAD is a file to git's
----------------------------------------------------------------------
Traceback (most recent call last):
  File "/w/test_builder.py", line 765, in test_a_run_may_leave_files_named_like_an_option_or_a_revision
    patch = (run_dir / "diff.patch").read_text()
            ^^^^^^^^^^^^^^^^^^^^^^^^^^^^^^^^^^^^
  File "/usr/local/lib/python3.12/pathlib.py", line 1027, in read_text
    with self.open(mode='r', encoding=encoding, errors=errors) as f:
         ^^^^^^^^^^^^^^^^^^^^^^^^^^^^^^^^^^^^^^^^^^^^^^^^^^^^^
  File "/usr/local/lib/python3.12/pathlib.py", line 1013, in open
    return io.open(self, mode, buffering, encoding, errors, newline)
           ^^^^^^^^^^^^^^^^^^^^^^^^^^^^^^^^^^^^^^^^^^^^^^^^^^^^^^^^^
FileNotFoundError: [Errno 2] No such file or directory: '/tmp/tmpoutjufqn/runs/20260916T165355Z/diff.patch'

======================================================================
FAIL: test_gits_refusal_of_a_real_checkout_carries_gits_words (test_builder.MainTest.test_gits_refusal_of_a_real_checkout_carries_gits_words)
seed: terms-checkout-and-tools. "not a git checkout" is said only when git itself says
----------------------------------------------------------------------
Traceback (most recent call last):
  File "/w/test_builder.py", line 782, in test_gits_refusal_of_a_real_checkout_carries_gits_words
    self.assertIn("bad config", err.getvalue())
AssertionError: 'bad config' not found in 'usage: builder.py <checkout> "<goal>"\nnot a git checkout: /tmp/tmpfd3h0azt/checkout\n'

======================================================================
FAIL: test_git_attributes_and_ignore_files_are_protected (test_builder.ToolsTest.test_git_attributes_and_ignore_files_are_protected)
seed: terms-checkout-and-tools. A .gitattributes or .gitignore the model wrote would
----------------------------------------------------------------------
Traceback (most recent call last):
  File "/w/test_builder.py", line 216, in test_git_attributes_and_ignore_files_are_protected
    self.assertIn("protected", self.tools.write(bad, "x\n"), bad)
AssertionError: 'protected' not found in 'wrote .gitattributes (1 lines)' : .gitattributes

----------------------------------------------------------------------
Ran 84 tests in 6.821s

FAILED (failures=2, errors=1)
