/usr/local/lib/python3.12/site-packages/pydantic_graph/_utils.py:67: DeprecationWarning: There is no current event loop
  event_loop = asyncio.get_event_loop()
======================================================================
FAIL: test_a_stamp_or_a_judged_name_is_one_path_segment (test_gate.ReviewTest.test_a_stamp_or_a_judged_name_is_one_path_segment)
From the review: a stamp or a name was joined to a path and looked up, so `/etc` was a
----------------------------------------------------------------------
Traceback (most recent call last):
  File "/w/test_gate.py", line 496, in test_a_stamp_or_a_judged_name_is_one_path_segment
    self.assert_problem(self.note, stamp)
  File "/w/test_gate.py", line 188, in assert_problem
    self.assertEqual(code, 1, out)
AssertionError: 0 != 1 : 

======================================================================
FAIL: test_the_lines_are_read_outside_code_and_an_empty_judgement_is_none (test_gate.ReviewTest.test_the_lines_are_read_outside_code_and_an_empty_judgement_is_none)
From the review: a `severity:` inside a fence or indented code satisfied the check, and
----------------------------------------------------------------------
Traceback (most recent call last):
  File "/w/test_gate.py", line 512, in test_the_lines_are_read_outside_code_and_an_empty_judgement_is_none
    self.assert_problem(self.note, "The first thing misses an edge", "severity")
  File "/w/test_gate.py", line 188, in assert_problem
    self.assertEqual(code, 1, out)
AssertionError: 0 != 1 : 

----------------------------------------------------------------------
Ran 133 tests in 13.614s

FAILED (failures=2)
