/usr/local/lib/python3.12/site-packages/pydantic_graph/_utils.py:67: DeprecationWarning: There is no current event loop
  event_loop = asyncio.get_event_loop()
======================================================================
FAIL: test_every_problem_of_every_build_is_printed_in_one_release (test_gate.ReleaseTest.test_every_problem_of_every_build_is_printed_in_one_release)
seed: built-by-trailer. From the reviews: a `Built-By` git does not read is still checked
----------------------------------------------------------------------
Traceback (most recent call last):
  File "/w/test_gate.py", line 816, in test_every_problem_of_every_build_is_printed_in_one_release
    self.assertTrue(has("docs/versions/v0.2.md:", empty_apart, "as a trailer"), out)
AssertionError: False is not true : docs/versions/v0.2.md: 163f8eb: `Built-By: factory at caf\xe9` names no run
runs/20260917T000000Z: c423cfc: `Built-By: factory at 1234567, run 20260917T000000Z` names a run with no committed record
docs/versions/v0.2.md: c423cfc: git does not read `Built-By: factory at 1234567, run 20260917T000000Z` as a trailer
runs/20260917T000000Z: c423cfc: `Built-By: factory at 7654321, run 20260917T000000Z` names a run with no committed record
docs/versions/v0.2.md: 2a844cd: `Built-By: ` names no run
docs/versions/v0.2.md: 74b86ad: `Built-By: ` names no run
docs/versions/v0.2.md: 5862f7a: git does not read `Built-By: factory at 1234567, run 20260917T000000Z` as a trailer
runs/20260917T000000Z: 5862f7a: `Built-By: factory at 1234567, run 20260917T000000Z` names a run with no committed record


======================================================================
FAIL: test_release_refuses_a_build_whose_built_by_git_does_not_read_as_a_trailer (test_gate.ReleaseTest.test_release_refuses_a_build_whose_built_by_git_does_not_read_as_a_trailer)
seed: built-by-trailer. A `Built-By` line apart from the paragraph git reads as the
----------------------------------------------------------------------
Traceback (most recent call last):
  File "/w/test_gate.py", line 726, in test_release_refuses_a_build_whose_built_by_git_does_not_read_as_a_trailer
    self.assert_refused_with("docs/versions/v0.2.md:", apart, "as a trailer")
  File "/w/test_gate.py", line 708, in assert_refused_with
    self.assertNotRegex(out, r"\b[0-9a-f]{40}\b")
AssertionError: Regex matched: '30d1c54e51e6239462d8d173419f16852e0eee62' matches '\\b[0-9a-f]{40}\\b' in 'docs/versions/v0.2.md: 30d1c54e51e6239462d8d173419f16852e0eee62: git does not read `Built-By: factory at 1234567, run 20260917T000000Z` as a trailer\n'

======================================================================
FAIL: test_the_builds_are_read_as_git_reads_trailers (test_gate.ReleaseTest.test_the_builds_are_read_as_git_reads_trailers)
seed: built-by-trailer. From the reviews: a `Built-By` line begins with the key in ASCII
----------------------------------------------------------------------
Traceback (most recent call last):
  File "/w/test_gate.py", line 847, in test_the_builds_are_read_as_git_reads_trailers
    self.assert_refused_with("docs/versions/v0.2.md:", carriage, "names no run")
  File "/w/test_gate.py", line 704, in assert_refused_with
    self.assertEqual(code, 1, out)
AssertionError: 0 != 1 : 

----------------------------------------------------------------------
Ran 167 tests in 22.651s

FAILED (failures=3)
