/usr/local/lib/python3.12/site-packages/pydantic_graph/_utils.py:67: DeprecationWarning: There is no current event loop
  event_loop = asyncio.get_event_loop()
======================================================================
FAIL: test_the_backlog_check_reads_what_obsidian_writes (test_gate.CheckTest.test_the_backlog_check_reads_what_obsidian_writes)
seed: base-against-the-template. From the review: a nested filter group names no
----------------------------------------------------------------------
Traceback (most recent call last):
  File "/w/test_gate.py", line 346, in test_the_backlog_check_reads_what_obsidian_writes
    self.assertEqual(self.check(), (0, "", ""))
AssertionError: Tuples differ: (1, 'docs/backlog.base: or is not a field [93 chars], '') != (0, '', '')

First differing element 0:
1
0

+ (0, '', '')
- (1,
-  'docs/backlog.base: or is not a field of docs/templates/seed.md\n'
-  'docs/backlog.base: not is not a field of docs/templates/seed.md\n',
-  '')

----------------------------------------------------------------------
Ran 78 tests in 6.808s

FAILED (failures=1)
