/usr/local/lib/python3.12/site-packages/pydantic_graph/_utils.py:67: DeprecationWarning: There is no current event loop
  event_loop = asyncio.get_event_loop()
======================================================================
FAIL: test_a_checkout_is_the_root_of_its_own_repository (test_builder.MainTest.test_a_checkout_is_the_root_of_its_own_repository)
seed: terms-checkout-and-tools. A subdirectory of a repository, with or without a stray
----------------------------------------------------------------------
Traceback (most recent call last):
  File "/w/test_builder.py", line 669, in test_a_checkout_is_the_root_of_its_own_repository
    self.assertIn("not a git checkout", err.getvalue(), (checkout, env))
AssertionError: 'not a git checkout' not found in 'usage: builder.py <checkout> "<goal>"\nfatal: invalid gitfile format: /tmp/tmptt86pwtl/stray/.git\n' : (PosixPath('/tmp/tmptt86pwtl/stray'), {'GIT_DIR': '/tmp/tmptt86pwtl/checkout/.git'})

======================================================================
FAIL: test_a_checkout_without_a_commit_or_with_a_stray_dot_git_is_refused (test_builder.MainTest.test_a_checkout_without_a_commit_or_with_a_stray_dot_git_is_refused)
seed: terms-checkout-and-tools. A git checkout with no commit has nothing to pin a run
----------------------------------------------------------------------
Traceback (most recent call last):
  File "/w/test_builder.py", line 645, in test_a_checkout_without_a_commit_or_with_a_stray_dot_git_is_refused
    self.assertIn(words, err.getvalue())
AssertionError: 'not a git checkout' not found in 'usage: builder.py <checkout> "<goal>"\nfatal: invalid gitfile format: /tmp/tmp6me1a7ie/stray/.git\n'

----------------------------------------------------------------------
Ran 81 tests in 6.666s

FAILED (failures=2)
