/usr/local/lib/python3.12/site-packages/pydantic_graph/_utils.py:67: DeprecationWarning: There is no current event loop
  event_loop = asyncio.get_event_loop()
======================================================================
FAIL: test_git_that_fails_before_the_run_reports_its_own_words (test_builder.MainTest.test_git_that_fails_before_the_run_reports_its_own_words)
seed: terms-checkout-and-tools. A git that ran and failed before the run directory
----------------------------------------------------------------------
Traceback (most recent call last):
  File "/w/test_builder.py", line 720, in test_git_that_fails_before_the_run_reports_its_own_words
    self.assertIn("bad config", err.getvalue())
AssertionError: 'bad config' not found in 'usage: builder.py <checkout> "<goal>"\nnot a git checkout: /tmp/tmp9eiut5zl/checkout\n'

======================================================================
FAIL: test_the_patch_is_gits_own_whatever_the_environment_or_the_attributes_say (test_builder.MainTest.test_the_patch_is_gits_own_whatever_the_environment_or_the_attributes_say)
seed: terms-checkout-and-tools. GIT_EXTERNAL_DIFF, a diff.external in the configuration
----------------------------------------------------------------------
Traceback (most recent call last):
  File "/w/test_builder.py", line 707, in test_the_patch_is_gits_own_whatever_the_environment_or_the_attributes_say
    self.assertIn("+x = 2", patch)
AssertionError: '+x = 2' not found in 'not a patch\n'

----------------------------------------------------------------------
Ran 81 tests in 6.633s

FAILED (failures=2)
