/usr/local/lib/python3.12/site-packages/pydantic_graph/_utils.py:67: DeprecationWarning: There is no current event loop
  event_loop = asyncio.get_event_loop()
======================================================================
FAIL: test_release_refuses_a_build_that_names_no_run_or_a_run_not_committed (test_gate.ReleaseTest.test_release_refuses_a_build_that_names_no_run_or_a_run_not_committed)
seed: built-by-trailer. A `Built-By` whose value does not end `run <stamp>` is refused
----------------------------------------------------------------------
Traceback (most recent call last):
  File "/w/test_gate.py", line 687, in test_release_refuses_a_build_that_names_no_run_or_a_run_not_committed
    self.assert_refused_with("docs/versions/v0.2.md:", no_run)
  File "/w/test_gate.py", line 652, in assert_refused_with
    self.assertEqual(code, 1, out)
AssertionError: 0 != 1 : 

======================================================================
FAIL: test_release_refuses_a_build_whose_built_by_git_does_not_read_as_a_trailer (test_gate.ReleaseTest.test_release_refuses_a_build_whose_built_by_git_does_not_read_as_a_trailer)
seed: built-by-trailer. A `Built-By` line apart from the paragraph git reads as the
----------------------------------------------------------------------
Traceback (most recent call last):
  File "/w/test_gate.py", line 669, in test_release_refuses_a_build_whose_built_by_git_does_not_read_as_a_trailer
    self.assert_refused_with("docs/versions/v0.2.md:", apart)
  File "/w/test_gate.py", line 652, in assert_refused_with
    self.assertEqual(code, 1, out)
AssertionError: 0 != 1 : 

----------------------------------------------------------------------
Ran 162 tests in 19.542s

FAILED (failures=2)
