/usr/local/lib/python3.12/site-packages/pydantic_graph/_utils.py:67: DeprecationWarning: There is no current event loop
  event_loop = asyncio.get_event_loop()
======================================================================
FAIL: test_a_finding_has_a_severity_and_a_verified_of_fixed_words (test_gate.ReviewTest.test_a_finding_has_a_severity_and_a_verified_of_fixed_words)
----------------------------------------------------------------------
Traceback (most recent call last):
  File "/w/test_gate.py", line 444, in test_a_finding_has_a_severity_and_a_verified_of_fixed_words
    self.assert_problem(self.note, "The first thing misses an edge", word)
  File "/w/test_gate.py", line 188, in assert_problem
    self.assertEqual(code, 1, out)
AssertionError: 0 != 1 : 

======================================================================
FAIL: test_a_verified_finding_is_judged_by_what_exists_or_none_with_a_reason (test_gate.ReviewTest.test_a_verified_finding_is_judged_by_what_exists_or_none_with_a_reason)
----------------------------------------------------------------------
Traceback (most recent call last):
  File "/w/test_gate.py", line 460, in test_a_verified_finding_is_judged_by_what_exists_or_none_with_a_reason
    self.assert_problem(self.note, "The first thing misses an edge", word)
  File "/w/test_gate.py", line 188, in assert_problem
    self.assertEqual(code, 1, out)
AssertionError: 0 != 1 : 

======================================================================
FAIL: test_a_whole_review_is_silent_and_its_fields_are_the_templates (test_gate.ReviewTest.test_a_whole_review_is_silent_and_its_fields_are_the_templates)
----------------------------------------------------------------------
Traceback (most recent call last):
  File "/w/test_gate.py", line 420, in test_a_whole_review_is_silent_and_its_fields_are_the_templates
    self.assert_problem(self.note, "verdict")
  File "/w/test_gate.py", line 188, in assert_problem
    self.assertEqual(code, 1, out)
AssertionError: 0 != 1 : 

======================================================================
FAIL: test_the_findings_are_read_with_comments_out_and_release_refuses_a_review_not_whole (test_gate.ReviewTest.test_the_findings_are_read_with_comments_out_and_release_refuses_a_review_not_whole)
----------------------------------------------------------------------
Traceback (most recent call last):
  File "/w/test_gate.py", line 478, in test_the_findings_are_read_with_comments_out_and_release_refuses_a_review_not_whole
    self.assert_problem(self.note, "judged")
  File "/w/test_gate.py", line 188, in assert_problem
    self.assertEqual(code, 1, out)
AssertionError: 0 != 1 : 

======================================================================
FAIL: test_the_runs_are_records_and_one_of_them_names_the_note (test_gate.ReviewTest.test_the_runs_are_records_and_one_of_them_names_the_note)
----------------------------------------------------------------------
Traceback (most recent call last):
  File "/w/test_gate.py", line 428, in test_the_runs_are_records_and_one_of_them_names_the_note
    self.assert_problem(self.note, "runs")
  File "/w/test_gate.py", line 188, in assert_problem
    self.assertEqual(code, 1, out)
AssertionError: 0 != 1 : 

----------------------------------------------------------------------
Ran 131 tests in 13.897s

FAILED (failures=5)
