/usr/local/lib/python3.12/site-packages/pydantic_graph/_utils.py:67: DeprecationWarning: There is no current event loop
  event_loop = asyncio.get_event_loop()
======================================================================
FAIL: test_a_rejected_seed_needs_only_the_open_fields (test_gate.CheckTest.test_a_rejected_seed_needs_only_the_open_fields)
rejected is a way out at any stage, not a stage after done: no version, Goal or test.
----------------------------------------------------------------------
Traceback (most recent call last):
  File "/w/test_gate.py", line 233, in test_a_rejected_seed_needs_only_the_open_fields
    self.assertEqual(self.check(), (0, "", ""))
AssertionError: Tuples differ: (1, 'docs/seeds/a.md: seed has no version\[95 chars], '') != (0, '', '')

First differing element 0:
1
0

+ (0, '', '')
- (1,
-  'docs/seeds/a.md: seed has no version\n'
-  'docs/seeds/a.md: seed has no ## Goal with text\n'
-  'docs/seeds/a.md: no test names it (seed: a)\n',
-  '')

======================================================================
FAIL: test_release_reports_a_tag_it_could_not_create (test_gate.ReleaseTest.test_release_reports_a_tag_it_could_not_create)
A stale lock on the ref makes git refuse the tag; the release says so, exits 1 and
----------------------------------------------------------------------
Traceback (most recent call last):
  File "/w/test_gate.py", line 339, in test_release_reports_a_tag_it_could_not_create
    self.assertEqual(code, 1, out)
AssertionError: 0 != 1 : 

----------------------------------------------------------------------
Ran 66 tests in 6.258s

FAILED (failures=2)
