/usr/local/lib/python3.12/site-packages/pydantic_graph/_utils.py:67: DeprecationWarning: There is no current event loop
  event_loop = asyncio.get_event_loop()
======================================================================
FAIL: test_a_held_out_check_that_raises_is_one_failed_run_and_the_set_goes_on (test_evals.HeldOutTest.test_a_held_out_check_that_raises_is_one_failed_run_and_the_set_goes_on)
----------------------------------------------------------------------
Traceback (most recent call last):
  File "/w/test_evals.py", line 792, in test_a_held_out_check_that_raises_is_one_failed_run_and_the_set_goes_on
    self.assertEqual((cells["runs"], cells["green"], cells["held_out"], cells["passed"]), ("2", "2", "1", "1"))
AssertionError: Tuples differ: ('2', '1', '1', '1') != ('2', '2', '1', '1')

First differing element 1:
'1'
'2'

- ('2', '1', '1', '1')
?            -----

+ ('2', '2', '1', '1')
?       +++++


======================================================================
FAIL: test_a_held_out_file_the_worktree_already_has_is_a_failed_run_with_the_record_kept (test_evals.HeldOutTest.test_a_held_out_file_the_worktree_already_has_is_a_failed_run_with_the_record_kept)
From the review: the copy replaced whatever bore the name, the repository's own tests
----------------------------------------------------------------------
Traceback (most recent call last):
  File "/w/test_evals.py", line 842, in test_a_held_out_file_the_worktree_already_has_is_a_failed_run_with_the_record_kept
    self.assertIn("alpha 1/2 error", err)
AssertionError: 'alpha 1/2 error' not found in 'alpha 1/2 answer green 20260917T110628Z\nalpha 2/2 error pop from empty list\n'

======================================================================
FAIL: test_held_out_holds_test_files_at_its_top_alone_and_only_for_a_green_case (test_evals.HeldOutTest.test_held_out_holds_test_files_at_its_top_alone_and_only_for_a_green_case)
From the review: a nested test is never run by the check, a file that is not a test is
----------------------------------------------------------------------
Traceback (most recent call last):
  File "/w/test_evals.py", line 815, in test_held_out_holds_test_files_at_its_top_alone_and_only_for_a_green_case
    not_whole("a nested test")
  File "/w/test_evals.py", line 807, in not_whole
    self.assertEqual((code, rows, self.records()), (2, [], []), reason)
AssertionError: Tuples differ: (1, [['case', 'runs', 'green', 'held_out',[633 chars]Z')]) != (2, [], [])

First differing element 0:
1
2

Diff is 943 characters long. Set self.maxDiff to None to see it. : a nested test

======================================================================
FAIL: test_the_module_docstring_names_the_file_the_column_and_the_line (test_evals.PassRateTest.test_the_module_docstring_names_the_file_the_column_and_the_line)
----------------------------------------------------------------------
Traceback (most recent call last):
  File "/w/test_evals.py", line 684, in test_the_module_docstring_names_the_file_the_column_and_the_line
    self.assertIn("green, held-out, honest, refused and passed", evals.__doc__)  # from two reviews: the enumeration of the counts
    ^^^^^^^^^^^^^^^^^^^^^^^^^^^^^^^^^^^^^^^^^^^^^^^^^^^^^^^^^^^^^^^^^^^^^^^^^^^
AssertionError: 'green, held-out, honest, refused and passed' not found in "The evaluation harness: run the builder over a set of cases and tabulate the runs.\n\n    uv run evals.py [--runs N] [case ...]\n\nA case is a directory `cases/<name>/` under the repository holding `goal.md`, exactly one\n`test_<name>.py`, and optionally `files/`. Each case runs N times (three unless `--runs N`), each\nrun in a throwaway git worktree of the repository at HEAD: the case's `files/` and test are\ncommitted there as `case: <name>` by `factory <factory@localhost>`, the builder runs on that\nworktree, and the worktree is removed and pruned whether the run succeeded or not. The records\nland in the repository's `runs/`, where the builder leaves them, so every run is one more record\nand the goal's first line names the case. Nothing here changes the repository the worktrees are\ncut from.\n\nWhen every run is done one tab-separated table is printed: a header, then one row per case in the\norder given, with the counts of green, honest, refused and passed runs and the medians of the\nbuilder's numbers: `tool_errors`, right after `checks`, is the median over the case's runs of the tool\nreturns that start `error:` and are not a wall's refusal, read from each record's `messages.json`\nas `refused` is and left out of the median when a run has none to read; beside the median of\n`requests`, `cost_usd` and `seconds` the spread over the case's runs\nis printed as `min-max`, the lowest and the highest value, each written as the median is. Each case\ndeclares in `cases/<name>/pass.txt` the word that says what a pass is, `green`, `red` or `refused`,\nand the table counts the runs that reached it in the `passed` column. A case may also hold\n`held_out/`, `test_*.py` files the model never sees: when a run's check ended green they are copied\ninto the worktree and the check runs once more, and the `held_out` column, right after `green`,\ncounts the runs whose held-out check ended green, its cell empty for a case without `held_out/`; a\ncase whose word is `green` passes only when its check and, when it holds `held_out/`, its held-out\ncheck both did. After the table and one empty\nline one line gives the set's pass rate and its standard error under a uniform prior, carried\nwhatever the run count, and the line absent when there is no case. Exit 0\nwhen every run ended with the `answer` answer, 1 when any run was capped or\nerrored, 2 on stderr for a usage error (a case that does not exist or is not whole, or a run\ncount that is not a positive integer).\n"

----------------------------------------------------------------------
Ran 158 tests in 20.374s

FAILED (failures=4)
