/usr/local/lib/python3.12/site-packages/pydantic_graph/_utils.py:67: DeprecationWarning: There is no current event loop
  event_loop = asyncio.get_event_loop()
======================================================================
ERROR: test_a_message_git_prints_in_another_encoding_does_not_end_the_release (test_gate.ReleaseTest.test_a_message_git_prints_in_another_encoding_does_not_end_the_release)
seed: built-by-trailer. From the review: output git gives in an encoding other than UTF-8
----------------------------------------------------------------------
Traceback (most recent call last):
  File "/w/test_gate.py", line 809, in test_a_message_git_prints_in_another_encoding_does_not_end_the_release
    self.assertEqual(self.release(), (0, "", ""))
                     ^^^^^^^^^^^^^^
  File "/w/test_gate.py", line 580, in release
    return run(self.root, "release", version)
           ^^^^^^^^^^^^^^^^^^^^^^^^^^^^^^^^^^
  File "/w/test_gate.py", line 165, in run
    code = gate.main(["gate.py", *args], root=root)
           ^^^^^^^^^^^^^^^^^^^^^^^^^^^^^^^^^^^^^^^^
  File "/w/gate.py", line 881, in main
    problems = _release_problems(root, version)
               ^^^^^^^^^^^^^^^^^^^^^^^^^^^^^^^^
  File "/w/gate.py", line 828, in _release_problems
    problems.extend(_build_problems(root, version, previous))
                    ^^^^^^^^^^^^^^^^^^^^^^^^^^^^^^^^^^^^^^^^
  File "/w/gate.py", line 762, in _build_problems
    message = _git(root, "log", "-1", "--format=%B", commit)
              ^^^^^^^^^^^^^^^^^^^^^^^^^^^^^^^^^^^^^^^^^^^^^^
  File "/w/gate.py", line 79, in _git
    done = subprocess.run(
           ^^^^^^^^^^^^^^^
  File "/usr/local/lib/python3.12/subprocess.py", line 550, in run
    stdout, stderr = process.communicate(input, timeout=timeout)
                     ^^^^^^^^^^^^^^^^^^^^^^^^^^^^^^^^^^^^^^^^^^^
  File "/usr/local/lib/python3.12/subprocess.py", line 1209, in communicate
    stdout, stderr = self._communicate(input, endtime, timeout)
                     ^^^^^^^^^^^^^^^^^^^^^^^^^^^^^^^^^^^^^^^^^^
  File "/usr/local/lib/python3.12/subprocess.py", line 2153, in _communicate
    stdout = self._translate_newlines(stdout,
             ^^^^^^^^^^^^^^^^^^^^^^^^^^^^^^^^
  File "/usr/local/lib/python3.12/subprocess.py", line 1086, in _translate_newlines
    data = data.decode(encoding, errors)
           ^^^^^^^^^^^^^^^^^^^^^^^^^^^^^
UnicodeDecodeError: 'utf-8' codec can't decode byte 0xe9 in position 3: invalid continuation byte

======================================================================
FAIL: test_check_reports_a_build_git_cannot_list_before_main_moves (test_gate.CheckTest.test_check_reports_a_build_git_cannot_list_before_main_moves)
seed: built-by-trailer. From the review: check reads the builds since the highest tag as
----------------------------------------------------------------------
Traceback (most recent call last):
  File "/w/test_gate.py", line 408, in test_check_reports_a_build_git_cannot_list_before_main_moves
    out = self.assert_problem("docs/versions/v0.2.md:", short)
          ^^^^^^^^^^^^^^^^^^^^^^^^^^^^^^^^^^^^^^^^^^^^^^^^^^^^
  File "/w/test_gate.py", line 188, in assert_problem
    self.assertEqual(code, 1, out)
AssertionError: 0 != 1 : 

======================================================================
FAIL: test_a_git_failure_refuses_the_release_and_no_path_hides_the_builds (test_gate.ReleaseTest.test_a_git_failure_refuses_the_release_and_no_path_hides_the_builds)
seed: built-by-trailer. From the review: the commits are listed as revisions whatever
----------------------------------------------------------------------
Traceback (most recent call last):
  File "/w/test_gate.py", line 794, in test_a_git_failure_refuses_the_release_and_no_path_hides_the_builds
    self.assert_refused_with("docs/versions/v0.2.md:", apart, "as a trailer")
  File "/w/test_gate.py", line 673, in assert_refused_with
    self.assertEqual(code, 1, out)
AssertionError: 0 != 1 : 

======================================================================
FAIL: test_every_problem_of_every_build_is_printed_in_one_release (test_gate.ReleaseTest.test_every_problem_of_every_build_is_printed_in_one_release)
seed: built-by-trailer. From the review: a `Built-By` git does not read is still checked
----------------------------------------------------------------------
Traceback (most recent call last):
  File "/w/test_gate.py", line 759, in test_every_problem_of_every_build_is_printed_in_one_release
    self.assertTrue(any(line.startswith(f"runs/{STAMP}:") and apart in line for line in lines), out)
AssertionError: False is not true : docs/versions/v0.2.md: 599ff21: git does not read `Built-By: ` as a trailer
docs/versions/v0.2.md: d00d549: git does not read `Built-By: factory at 1234567, run 20260917T000000Z` as a trailer


======================================================================
FAIL: test_release_refuses_a_build_that_names_no_run_or_a_run_not_committed (test_gate.ReleaseTest.test_release_refuses_a_build_that_names_no_run_or_a_run_not_committed)
seed: built-by-trailer. A `Built-By` whose value does not end `run <stamp>`, the stamp one
----------------------------------------------------------------------
Traceback (most recent call last):
  File "/w/test_gate.py", line 719, in test_release_refuses_a_build_that_names_no_run_or_a_run_not_committed
    self.assert_refused_with(f"runs/{STAMP}:", missing)
  File "/w/test_gate.py", line 673, in assert_refused_with
    self.assertEqual(code, 1, out)
AssertionError: 0 != 1 : 

======================================================================
FAIL: test_the_builds_are_read_as_git_reads_trailers (test_gate.ReleaseTest.test_the_builds_are_read_as_git_reads_trailers)
seed: built-by-trailer. From the review: a `Built-By` line begins with the key as git's
----------------------------------------------------------------------
Traceback (most recent call last):
  File "/w/test_gate.py", line 774, in test_the_builds_are_read_as_git_reads_trailers
    self.assert_refused_with(f"runs/{STAMP}:", lower)
  File "/w/test_gate.py", line 673, in assert_refused_with
    self.assertEqual(code, 1, out)
AssertionError: 0 != 1 : 

----------------------------------------------------------------------
Ran 167 tests in 21.821s

FAILED (failures=5, errors=1)
